  Wizard Survivor.cpp
C:\Users\eryk9\OneDrive\Desktop\SFML Projects\Wizard Survivor\Wizard Survivor.cpp(5,10): warning C4067: nieoczekiwane tokeny występujące po dyrektywie preprocesora - oczekiwano nowego wiersza
C:\Users\eryk9\OneDrive\Desktop\SFML Projects\Wizard Survivor\Wizard Survivor.cpp(6,10): warning C4067: nieoczekiwane tokeny występujące po dyrektywie preprocesora - oczekiwano nowego wiersza
C:\Users\eryk9\OneDrive\Desktop\SFML Projects\Wizard Survivor\classes\Player\Player.cpp(26,39): warning C4390: ";": znaleziono kontrolowaną pustą instrukcję; czy to było zamierzone?
  (kompilowanie pliku źródłowego „Wizard%20Survivor.cpp”)
  
C:\Users\eryk9\OneDrive\Desktop\SFML Projects\Wizard Survivor\classes\Player\Player.cpp(110,19): warning C4244: "inicjowanie": konwersja z "int32_t" do "float", możliwa utrata danych
  (kompilowanie pliku źródłowego „Wizard%20Survivor.cpp”)
  
C:\Users\eryk9\OneDrive\Desktop\SFML Projects\Wizard Survivor\classes\Player\Player.cpp(127,19): warning C4244: "inicjowanie": konwersja z "int32_t" do "float", możliwa utrata danych
  (kompilowanie pliku źródłowego „Wizard%20Survivor.cpp”)
  
C:\Users\eryk9\OneDrive\Desktop\SFML Projects\Wizard Survivor\classes\Player\Player.cpp(146,19): warning C4244: "inicjowanie": konwersja z "int32_t" do "float", możliwa utrata danych
  (kompilowanie pliku źródłowego „Wizard%20Survivor.cpp”)
  
C:\Users\eryk9\OneDrive\Desktop\SFML Projects\Wizard Survivor\classes\Player\Player.cpp(167,19): warning C4244: "inicjowanie": konwersja z "int32_t" do "float", możliwa utrata danych
  (kompilowanie pliku źródłowego „Wizard%20Survivor.cpp”)
  
C:\Users\eryk9\OneDrive\Desktop\SFML Projects\Wizard Survivor\classes\Player\Player.cpp(193,19): warning C4244: "inicjowanie": konwersja z "int32_t" do "float", możliwa utrata danych
  (kompilowanie pliku źródłowego „Wizard%20Survivor.cpp”)
  
C:\Users\eryk9\OneDrive\Desktop\SFML Projects\Wizard Survivor\classes\Player\Player.cpp(212,19): warning C4244: "inicjowanie": konwersja z "int32_t" do "float", możliwa utrata danych
  (kompilowanie pliku źródłowego „Wizard%20Survivor.cpp”)
  
C:\Users\eryk9\OneDrive\Desktop\SFML Projects\Wizard Survivor\classes\Player\Player.cpp(231,19): warning C4244: "inicjowanie": konwersja z "int32_t" do "float", możliwa utrata danych
  (kompilowanie pliku źródłowego „Wizard%20Survivor.cpp”)
  
C:\Users\eryk9\OneDrive\Desktop\SFML Projects\Wizard Survivor\classes\Player\Player.cpp(250,19): warning C4244: "inicjowanie": konwersja z "int32_t" do "float", możliwa utrata danych
  (kompilowanie pliku źródłowego „Wizard%20Survivor.cpp”)
  
C:\Users\eryk9\OneDrive\Desktop\SFML Projects\Wizard Survivor\Wizard Survivor.cpp(7,10): warning C4067: nieoczekiwane tokeny występujące po dyrektywie preprocesora - oczekiwano nowego wiersza
C:\Users\eryk9\OneDrive\Desktop\SFML Projects\Wizard Survivor\classes\Enemy\Skeleton_Archer\Archer.cpp(23,39): warning C4390: ";": znaleziono kontrolowaną pustą instrukcję; czy to było zamierzone?
  (kompilowanie pliku źródłowego „Wizard%20Survivor.cpp”)
  
C:\Users\eryk9\OneDrive\Desktop\SFML Projects\Wizard Survivor\classes\Enemy\Skeleton_Archer\Archer.cpp(41,19): warning C4244: "inicjowanie": konwersja z "int32_t" do "float", możliwa utrata danych
  (kompilowanie pliku źródłowego „Wizard%20Survivor.cpp”)
  
  Trwa generowanie kodu
  0 of 239 functions ( 0.0%) were compiled, the rest were copied from previous compilation.
    0 functions were new in current compilation
    0 functions had inline decision re-evaluated but remain unchanged
  Zakończono generowanie kodu
  Wizard Survivor.vcxproj -> C:\Users\eryk9\OneDrive\Desktop\SFML Projects\Wizard Survivor\x64\Release\Wizard Survivor.exe
