  Wizard Survivor.cpp
C:\Users\eryk9\OneDrive\Desktop\SFML Projects\Wizard Survivor\Wizard Survivor.cpp(4,10): warning C4067: nieoczekiwane tokeny występujące po dyrektywie preprocesora - oczekiwano nowego wiersza
C:\Users\eryk9\OneDrive\Desktop\SFML Projects\Wizard Survivor\Wizard Survivor.cpp(5,10): warning C4067: nieoczekiwane tokeny występujące po dyrektywie preprocesora - oczekiwano nowego wiersza
C:\Users\eryk9\OneDrive\Desktop\SFML Projects\Wizard Survivor\classes\Player\Player.cpp(25,73): warning C4390: ";": znaleziono kontrolowaną pustą instrukcję; czy to było zamierzone?
  (kompilowanie pliku źródłowego „Wizard%20Survivor.cpp”)
  
C:\Users\eryk9\OneDrive\Desktop\SFML Projects\Wizard Survivor\classes\Player\Player.cpp(103,19): warning C4244: "inicjowanie": konwersja z "int32_t" do "float", możliwa utrata danych
  (kompilowanie pliku źródłowego „Wizard%20Survivor.cpp”)
  
C:\Users\eryk9\OneDrive\Desktop\SFML Projects\Wizard Survivor\classes\Player\Player.cpp(120,19): warning C4244: "inicjowanie": konwersja z "int32_t" do "float", możliwa utrata danych
  (kompilowanie pliku źródłowego „Wizard%20Survivor.cpp”)
  
C:\Users\eryk9\OneDrive\Desktop\SFML Projects\Wizard Survivor\classes\Player\Player.cpp(139,19): warning C4244: "inicjowanie": konwersja z "int32_t" do "float", możliwa utrata danych
  (kompilowanie pliku źródłowego „Wizard%20Survivor.cpp”)
  
C:\Users\eryk9\OneDrive\Desktop\SFML Projects\Wizard Survivor\classes\Player\Player.cpp(160,19): warning C4244: "inicjowanie": konwersja z "int32_t" do "float", możliwa utrata danych
  (kompilowanie pliku źródłowego „Wizard%20Survivor.cpp”)
  
C:\Users\eryk9\OneDrive\Desktop\SFML Projects\Wizard Survivor\classes\Player\Player.cpp(186,19): warning C4244: "inicjowanie": konwersja z "int32_t" do "float", możliwa utrata danych
  (kompilowanie pliku źródłowego „Wizard%20Survivor.cpp”)
  
C:\Users\eryk9\OneDrive\Desktop\SFML Projects\Wizard Survivor\classes\Player\Player.cpp(205,19): warning C4244: "inicjowanie": konwersja z "int32_t" do "float", możliwa utrata danych
  (kompilowanie pliku źródłowego „Wizard%20Survivor.cpp”)
  
C:\Users\eryk9\OneDrive\Desktop\SFML Projects\Wizard Survivor\classes\Player\Player.cpp(224,19): warning C4244: "inicjowanie": konwersja z "int32_t" do "float", możliwa utrata danych
  (kompilowanie pliku źródłowego „Wizard%20Survivor.cpp”)
  
  Wizard Survivor.vcxproj -> C:\Users\eryk9\OneDrive\Desktop\SFML Projects\Wizard Survivor\x64\Debug\Wizard Survivor.exe
